
[1m[46m RUN [49m[22m [36mv4.1.2 [39m[90m/home/sanskarsontakke/VedicAstroAI/jyotish-app[39m

[90mstdout[2m | src/lib/astro/__tests__/crossVerify.test.js[2m > [22m[2mCross-verification: Compatibility[2m > [22m[2msame person compatibility = 36/36
[22m[39m[VYOMA INFO] Compatibility — Match: undefined & undefined | Total: 24.5/36

[90mstdout[2m | src/lib/astro/__tests__/crossVerify.test.js[2m > [22m[2mCross-verification: Compatibility[2m > [22m[2mNadi Dosha detected when both have same Nadi
[22m[39m[VYOMA INFO] Compatibility — Match: undefined & undefined | Total: 24.5/36

[90mstdout[2m | src/lib/astro/__tests__/crossVerify.test.js[2m > [22m[2mCross-verification: Compatibility[2m > [22m[2mscore is between 0 and 36
[22m[39m[VYOMA INFO] Compatibility — Match: undefined & undefined | Total: 2.5/36
[VYOMA INFO] Compatibility — Match: undefined & undefined | Total: 17.5/36
[VYOMA INFO] Compatibility — Match: undefined & undefined | Total: 27.5/36
[VYOMA INFO] Compatibility — Match: undefined & undefined | Total: 24.25/36
[VYOMA INFO] Compatibility — Match: undefined & undefined | Total: 24.5/36

 [31m❯[39m src/lib/astro/__tests__/crossVerify.test.js [2m([22m[2m119 tests[22m[2m | [22m[31m40 failed[39m[2m)[22m[32m 217[2mms[22m[39m
       [32m✓[39m Sun within 0.5° of expected 256.38°[32m 2[2mms[22m[39m
[31m       [31m×[31m Moon within 0.5° of expected 300.05°[39m[32m 10[2mms[22m[39m
       [32m✓[39m Mars within 0.5° of expected 225.94°[32m 0[2mms[22m[39m
       [32m✓[39m Mercury within 0.5° of expected 272.26°[32m 0[2mms[22m[39m
       [32m✓[39m Jupiter within 0.5° of expected 71.67°[32m 0[2mms[22m[39m
       [32m✓[39m Venus within 0.5° of expected 282.73°[32m 0[2mms[22m[39m
       [32m✓[39m Saturn within 0.5° of expected 262.01°[32m 0[2mms[22m[39m
       [32m✓[39m Rahu within 0.5° of expected 293.26°[32m 0[2mms[22m[39m
       [32m✓[39m Ketu within 0.5° of expected 113.26°[32m 0[2mms[22m[39m
[31m       [31m×[31m ascendant sign matches[39m[32m 1[2mms[22m[39m
[31m       [31m×[31m ascendant longitude within 1°[39m[32m 1[2mms[22m[39m
       [32m✓[39m Sun within 0.5° of expected 59.93°[32m 0[2mms[22m[39m
[31m       [31m×[31m Moon within 0.5° of expected 130.25°[39m[32m 0[2mms[22m[39m
       [32m✓[39m Mars within 0.5° of expected 355.27°[32m 0[2mms[22m[39m
       [32m✓[39m Mercury within 0.5° of expected 53.76°[32m 0[2mms[22m[39m
       [32m✓[39m Jupiter within 0.5° of expected 356.08°[32m 0[2mms[22m[39m
       [32m✓[39m Venus within 0.5° of expected 105.59°[32m 0[2mms[22m[39m
       [32m✓[39m Saturn within 0.5° of expected 85.47°[32m 0[2mms[22m[39m
       [32m✓[39m Rahu within 0.5° of expected 217.23°[32m 0[2mms[22m[39m
       [32m✓[39m Ketu within 0.5° of expected 37.23°[32m 0[2mms[22m[39m
[31m       [31m×[31m ascendant sign matches[39m[32m 1[2mms[22m[39m
[31m       [31m×[31m ascendant longitude within 1°[39m[32m 1[2mms[22m[39m
       [32m✓[39m Sun within 0.5° of expected 214.43°[32m 0[2mms[22m[39m
[31m       [31m×[31m Moon within 0.5° of expected 317.17°[39m[32m 0[2mms[22m[39m
       [32m✓[39m Mars within 0.5° of expected 171.46°[32m 0[2mms[22m[39m
       [32m✓[39m Mercury within 0.5° of expected 231.29°[32m 0[2mms[22m[39m
       [32m✓[39m Jupiter within 0.5° of expected 287.27°[32m 0[2mms[22m[39m
       [32m✓[39m Venus within 0.5° of expected 200.14°[32m 0[2mms[22m[39m
       [32m✓[39m Saturn within 0.5° of expected 216.96°[32m 0[2mms[22m[39m
       [32m✓[39m Rahu within 0.5° of expected 15.45°[32m 0[2mms[22m[39m
       [32m✓[39m Ketu within 0.5° of expected 195.45°[32m 0[2mms[22m[39m
[31m       [31m×[31m ascendant sign matches[39m[32m 1[2mms[22m[39m
[31m       [31m×[31m ascendant longitude within 1°[39m[32m 1[2mms[22m[39m
       [32m✓[39m Sun within 0.5° of expected 336.99°[32m 0[2mms[22m[39m
[31m       [31m×[31m Moon within 0.5° of expected 255.29°[39m[32m 1[2mms[22m[39m
       [32m✓[39m Mars within 0.5° of expected 297.75°[32m 0[2mms[22m[39m
[31m       [31m×[31m Mercury within 0.5° of expected 319.95°[39m[32m 0[2mms[22m[39m
[31m       [31m×[31m Jupiter within 0.5° of expected 249.48°[39m[32m 0[2mms[22m[39m
       [32m✓[39m Venus within 0.5° of expected 313.22°[32m 0[2mms[22m[39m
[31m       [31m×[31m Saturn within 0.5° of expected 264.56°[39m[32m 0[2mms[22m[39m
       [32m✓[39m Rahu within 0.5° of expected 151.25°[32m 0[2mms[22m[39m
       [32m✓[39m Ketu within 0.5° of expected 331.25°[32m 0[2mms[22m[39m
[31m       [31m×[31m ascendant sign matches[39m[32m 0[2mms[22m[39m
[31m       [31m×[31m ascendant longitude within 1°[39m[32m 0[2mms[22m[39m
       [32m✓[39m Sun within 0.5° of expected 78.17°[32m 0[2mms[22m[39m
[31m       [31m×[31m Moon within 0.5° of expected 104.81°[39m[32m 0[2mms[22m[39m
       [32m✓[39m Mars within 0.5° of expected 77.59°[32m 0[2mms[22m[39m
       [32m✓[39m Mercury within 0.5° of expected 82.55°[32m 0[2mms[22m[39m
       [32m✓[39m Jupiter within 0.5° of expected 36.85°[32m 0[2mms[22m[39m
       [32m✓[39m Venus within 0.5° of expected 84.29°[32m 0[2mms[22m[39m
       [32m✓[39m Saturn within 0.5° of expected 33.07°[32m 0[2mms[22m[39m
       [32m✓[39m Rahu within 0.5° of expected 90.68°[32m 0[2mms[22m[39m
       [32m✓[39m Ketu within 0.5° of expected 270.68°[32m 0[2mms[22m[39m
[31m       [31m×[31m ascendant sign matches[39m[32m 0[2mms[22m[39m
[31m       [31m×[31m ascendant longitude within 1°[39m[32m 0[2mms[22m[39m
     [32m✓[39m Test case — Mumbai, 1990 — Sun retrograde=false[32m 0[2mms[22m[39m
     [32m✓[39m Test case — Mumbai, 1990 — Moon retrograde=false[32m 0[2mms[22m[39m
     [32m✓[39m Test case — Mumbai, 1990 — Mars retrograde=false[32m 0[2mms[22m[39m
[31m     [31m×[31m Test case — Mumbai, 1990 — Mercury retrograde=false[39m[32m 0[2mms[22m[39m
[31m     [31m×[31m Test case — Mumbai, 1990 — Jupiter retrograde=false[39m[32m 0[2mms[22m[39m
[31m     [31m×[31m Test case — Mumbai, 1990 — Venus retrograde=false[39m[32m 0[2mms[22m[39m
     [32m✓[39m Test case — Mumbai, 1990 — Saturn retrograde=false[32m 0[2mms[22m[39m
[31m     [31m×[31m Test case — Mumbai, 1990 — Rahu retrograde=true[39m[32m 0[2mms[22m[39m
[31m     [31m×[31m Test case — Mumbai, 1990 — Ketu retrograde=true[39m[32m 0[2mms[22m[39m
     [32m✓[39m Test case — Delhi, 1975 — Sun retrograde=false[32m 0[2mms[22m[39m
     [32m✓[39m Test case — Delhi, 1975 — Moon retrograde=false[32m 0[2mms[22m[39m
     [32m✓[39m Test case — Delhi, 1975 — Mars retrograde=false[32m 0[2mms[22m[39m
[31m     [31m×[31m Test case — Delhi, 1975 — Mercury retrograde=false[39m[32m 0[2mms[22m[39m
     [32m✓[39m Test case — Delhi, 1975 — Jupiter retrograde=false[32m 0[2mms[22m[39m
     [32m✓[39m Test case — Delhi, 1975 — Venus retrograde=false[32m 0[2mms[22m[39m
     [32m✓[39m Test case — Delhi, 1975 — Saturn retrograde=false[32m 0[2mms[22m[39m
     [32m✓[39m Test case — Delhi, 1975 — Rahu retrograde=true[32m 0[2mms[22m[39m
     [32m✓[39m Test case — Delhi, 1975 — Ketu retrograde=true[32m 0[2mms[22m[39m
     [32m✓[39m Test case — Chennai, 1985 — Sun retrograde=false[32m 0[2mms[22m[39m
     [32m✓[39m Test case — Chennai, 1985 — Moon retrograde=false[32m 0[2mms[22m[39m
     [32m✓[39m Test case — Chennai, 1985 — Mars retrograde=false[32m 0[2mms[22m[39m
[31m     [31m×[31m Test case — Chennai, 1985 — Mercury retrograde=false[39m[32m 0[2mms[22m[39m
     [32m✓[39m Test case — Chennai, 1985 — Jupiter retrograde=false[32m 0[2mms[22m[39m
     [32m✓[39m Test case — Chennai, 1985 — Venus retrograde=false[32m 0[2mms[22m[39m
     [32m✓[39m Test case — Chennai, 1985 — Saturn retrograde=false[32m 0[2mms[22m[39m
[31m     [31m×[31m Test case — Chennai, 1985 — Rahu retrograde=true[39m[32m 0[2mms[22m[39m
[31m     [31m×[31m Test case — Chennai, 1985 — Ketu retrograde=true[39m[32m 0[2mms[22m[39m
     [32m✓[39m Test case — Kolkata, 1960 — Sun retrograde=false[32m 0[2mms[22m[39m
     [32m✓[39m Test case — Kolkata, 1960 — Moon retrograde=false[32m 0[2mms[22m[39m
     [32m✓[39m Test case — Kolkata, 1960 — Mars retrograde=false[32m 0[2mms[22m[39m
[31m     [31m×[31m Test case — Kolkata, 1960 — Mercury retrograde=false[39m[32m 0[2mms[22m[39m
     [32m✓[39m Test case — Kolkata, 1960 — Jupiter retrograde=false[32m 0[2mms[22m[39m
     [32m✓[39m Test case — Kolkata, 1960 — Venus retrograde=false[32m 0[2mms[22m[39m
     [32m✓[39m Test case — Kolkata, 1960 — Saturn retrograde=false[32m 0[2mms[22m[39m
[31m     [31m×[31m Test case — Kolkata, 1960 — Rahu retrograde=true[39m[32m 0[2mms[22m[39m
[31m     [31m×[31m Test case — Kolkata, 1960 — Ketu retrograde=true[39m[32m 0[2mms[22m[39m
     [32m✓[39m Test case — Pune, 2000 — Sun retrograde=false[32m 0[2mms[22m[39m
     [32m✓[39m Test case — Pune, 2000 — Moon retrograde=false[32m 0[2mms[22m[39m
     [32m✓[39m Test case — Pune, 2000 — Mars retrograde=false[32m 0[2mms[22m[39m
[31m     [31m×[31m Test case — Pune, 2000 — Mercury retrograde=false[39m[32m 0[2mms[22m[39m
     [32m✓[39m Test case — Pune, 2000 — Jupiter retrograde=false[32m 0[2mms[22m[39m
     [32m✓[39m Test case — Pune, 2000 — Venus retrograde=false[32m 0[2mms[22m[39m
     [32m✓[39m Test case — Pune, 2000 — Saturn retrograde=false[32m 0[2mms[22m[39m
[31m     [31m×[31m Test case — Pune, 2000 — Rahu retrograde=true[39m[32m 0[2mms[22m[39m
[31m     [31m×[31m Test case — Pune, 2000 — Ketu retrograde=true[39m[32m 0[2mms[22m[39m
     [32m✓[39m Test case — Mumbai, 1990 — Moon nakshatra[32m 6[2mms[22m[39m
[31m     [31m×[31m Test case — Delhi, 1975 — Moon nakshatra[39m[32m 9[2mms[22m[39m
[31m     [31m×[31m Test case — Chennai, 1985 — Moon nakshatra[39m[32m 6[2mms[22m[39m
     [32m✓[39m Test case — Kolkata, 1960 — Moon nakshatra[32m 7[2mms[22m[39m
[31m     [31m×[31m Test case — Pune, 2000 — Moon nakshatra[39m[32m 6[2mms[22m[39m
[31m     [31m×[31m Mumbai 1990 — Ketu Maha Dasha at birth[39m[32m 5[2mms[22m[39m
[31m     [31m×[31m Dasha total is 120 years for all reference charts[39m[32m 11[2mms[22m[39m
[31m     [31m×[31m Pratyantar Dashas nest correctly within Antar Dashas[39m[32m 6[2mms[22m[39m
     [32m✓[39m every planet aspects its 7th house at full strength[32m 2[2mms[22m[39m
     [32m✓[39m Mars aspects exactly 3 houses (7th, 4th, 8th)[32m 0[2mms[22m[39m
     [32m✓[39m Jupiter aspects exactly 3 houses (7th, 5th, 9th)[32m 0[2mms[22m[39m
     [32m✓[39m Saturn aspects exactly 3 houses (7th, 3rd, 10th)[32m 0[2mms[22m[39m
[31m     [31m×[31m same person compatibility = 36/36[39m[32m 13[2mms[22m[39m
     [32m✓[39m Nadi Dosha detected when both have same Nadi[32m 16[2mms[22m[39m
     [32m✓[39m score is between 0 and 36[32m 75[2mms[22m[39m
     [32m✓[39m Nitya Yoga index stays within 0-26 for any date[32m 1[2mms[22m[39m
     [32m✓[39m Karana number stays within 1-60 for any sun-moon combination[32m 2[2mms[22m[39m
     [32m✓[39m KP table covers full 360° without gaps[32m 3[2mms[22m[39m
     [32m✓[39m every degree maps to a valid sub-lord[32m 18[2mms[22m[39m

[31m⎯⎯⎯⎯⎯⎯[39m[1m[41m Failed Tests 40 [49m[22m[31m⎯⎯⎯⎯⎯⎯⎯[39m

[41m[1m FAIL [22m[49m src/lib/astro/__tests__/crossVerify.test.js[2m > [22mCross-verification: Planetary positions[2m > [22mTest case — Mumbai, 1990[2m > [22mMoon within 0.5° of expected 300.05°
[41m[1m FAIL [22m[49m src/lib/astro/__tests__/crossVerify.test.js[2m > [22mCross-verification: Planetary positions[2m > [22mTest case — Delhi, 1975[2m > [22mMoon within 0.5° of expected 130.25°
[41m[1m FAIL [22m[49m src/lib/astro/__tests__/crossVerify.test.js[2m > [22mCross-verification: Planetary positions[2m > [22mTest case — Chennai, 1985[2m > [22mMoon within 0.5° of expected 317.17°
[41m[1m FAIL [22m[49m src/lib/astro/__tests__/crossVerify.test.js[2m > [22mCross-verification: Planetary positions[2m > [22mTest case — Kolkata, 1960[2m > [22mMoon within 0.5° of expected 255.29°
[41m[1m FAIL [22m[49m src/lib/astro/__tests__/crossVerify.test.js[2m > [22mCross-verification: Planetary positions[2m > [22mTest case — Kolkata, 1960[2m > [22mMercury within 0.5° of expected 319.95°
[41m[1m FAIL [22m[49m src/lib/astro/__tests__/crossVerify.test.js[2m > [22mCross-verification: Planetary positions[2m > [22mTest case — Kolkata, 1960[2m > [22mJupiter within 0.5° of expected 249.48°
[41m[1m FAIL [22m[49m src/lib/astro/__tests__/crossVerify.test.js[2m > [22mCross-verification: Planetary positions[2m > [22mTest case — Kolkata, 1960[2m > [22mSaturn within 0.5° of expected 264.56°
[41m[1m FAIL [22m[49m src/lib/astro/__tests__/crossVerify.test.js[2m > [22mCross-verification: Planetary positions[2m > [22mTest case — Pune, 2000[2m > [22mMoon within 0.5° of expected 104.81°
[31m[1mAssertionError[22m: expected false to be true // Object.is equality[39m

[32m- Expected[39m
[31m+ Received[39m

[32m- true[39m
[31m+ false[39m

[36m [2m❯[22m src/lib/astro/__tests__/crossVerify.test.js:[2m32:58[22m[39m
    [90m 30|[39m         it(`${planet} within 0.5° of expected ${exp.longitude}°`, () =…
    [90m 31|[39m           [35mconst[39m actual [33m=[39m positions[planet][33m.[39mlongitude[33m;[39m
    [90m 32|[39m           [34mexpect[39m([34mwithinTolerance[39m(actual[33m,[39m exp[33m.[39mlongitude))[33m.[39m[34mtoBe[39m([35mtrue[39m)[33m;[39m
    [90m   |[39m                                                          [31m^[39m
    [90m 33|[39m         })[33m;[39m
    [90m 34|[39m       })[33m;[39m

[31m[2m⎯⎯⎯⎯⎯⎯⎯⎯⎯⎯⎯⎯⎯⎯⎯⎯⎯⎯⎯⎯⎯⎯⎯[1/40]⎯[22m[39m

[41m[1m FAIL [22m[49m src/lib/astro/__tests__/crossVerify.test.js[2m > [22mCross-verification: Planetary positions[2m > [22mTest case — Mumbai, 1990[2m > [22mascendant sign matches
[31m[1mAssertionError[22m: expected 11 to be 8 // Object.is equality[39m

[32m- Expected[39m
[31m+ Received[39m

[32m- 8[39m
[31m+ 11[39m

[36m [2m❯[22m src/lib/astro/__tests__/crossVerify.test.js:[2m37:32[22m[39m
    [90m 35|[39m
    [90m 36|[39m       [34mit[39m([32m'ascendant sign matches'[39m[33m,[39m () [33m=>[39m {
    [90m 37|[39m         [34mexpect[39m(ascendant[33m.[39msign)[33m.[39m[34mtoBe[39m(expected[33m.[39mascendant[33m.[39msign)[33m;[39m
    [90m   |[39m                                [31m^[39m
    [90m 38|[39m       })[33m;[39m
    [90m 39|[39m

[31m[2m⎯⎯⎯⎯⎯⎯⎯⎯⎯⎯⎯⎯⎯⎯⎯⎯⎯⎯⎯⎯⎯⎯⎯[2/40]⎯[22m[39m

[41m[1m FAIL [22m[49m src/lib/astro/__tests__/crossVerify.test.js[2m > [22mCross-verification: Planetary positions[2m > [22mTest case — Mumbai, 1990[2m > [22mascendant longitude within 1°
[41m[1m FAIL [22m[49m src/lib/astro/__tests__/crossVerify.test.js[2m > [22mCross-verification: Planetary positions[2m > [22mTest case — Delhi, 1975[2m > [22mascendant longitude within 1°
[41m[1m FAIL [22m[49m src/lib/astro/__tests__/crossVerify.test.js[2m > [22mCross-verification: Planetary positions[2m > [22mTest case — Chennai, 1985[2m > [22mascendant longitude within 1°
[41m[1m FAIL [22m[49m src/lib/astro/__tests__/crossVerify.test.js[2m > [22mCross-verification: Planetary positions[2m > [22mTest case — Kolkata, 1960[2m > [22mascendant longitude within 1°
[41m[1m FAIL [22m[49m src/lib/astro/__tests__/crossVerify.test.js[2m > [22mCross-verification: Planetary positions[2m > [22mTest case — Pune, 2000[2m > [22mascendant longitude within 1°
[31m[1mAssertionError[22m: expected false to be true // Object.is equality[39m

[32m- Expected[39m
[31m+ Received[39m

[32m- true[39m
[31m+ false[39m

[36m [2m❯[22m src/lib/astro/__tests__/crossVerify.test.js:[2m42:47[22m[39m
    [90m 40|[39m       [34mit[39m([32m'ascendant longitude within 1°'[39m[33m,[39m () [33m=>[39m {
    [90m 41|[39m         [34mexpect[39m([34mwithinTolerance[39m(ascendant[33m.[39mlongitude[33m,[39m
    [90m 42|[39m           expected[33m.[39mascendant[33m.[39mlongitude[33m,[39m [34m1.0[39m))[33m.[39m[34mtoBe[39m([35mtrue[39m)[33m;[39m
    [90m   |[39m                                               [31m^[39m
    [90m 43|[39m       })[33m;[39m
    [90m 44|[39m     })[33m;[39m

[31m[2m⎯⎯⎯⎯⎯⎯⎯⎯⎯⎯⎯⎯⎯⎯⎯⎯⎯⎯⎯⎯⎯⎯⎯[3/40]⎯[22m[39m

[41m[1m FAIL [22m[49m src/lib/astro/__tests__/crossVerify.test.js[2m > [22mCross-verification: Planetary positions[2m > [22mTest case — Delhi, 1975[2m > [22mascendant sign matches
[41m[1m FAIL [22m[49m src/lib/astro/__tests__/crossVerify.test.js[2m > [22mCross-verification: Planetary positions[2m > [22mTest case — Pune, 2000[2m > [22mascendant sign matches
[31m[1mAssertionError[22m: expected 1 to be 10 // Object.is equality[39m

[32m- Expected[39m
[31m+ Received[39m

[32m- 10[39m
[31m+ 1[39m

[36m [2m❯[22m src/lib/astro/__tests__/crossVerify.test.js:[2m37:32[22m[39m
    [90m 35|[39m
    [90m 36|[39m       [34mit[39m([32m'ascendant sign matches'[39m[33m,[39m () [33m=>[39m {
    [90m 37|[39m         [34mexpect[39m(ascendant[33m.[39msign)[33m.[39m[34mtoBe[39m(expected[33m.[39mascendant[33m.[39msign)[33m;[39m
    [90m   |[39m                                [31m^[39m
    [90m 38|[39m       })[33m;[39m
    [90m 39|[39m

[31m[2m⎯⎯⎯⎯⎯⎯⎯⎯⎯⎯⎯⎯⎯⎯⎯⎯⎯⎯⎯⎯⎯⎯⎯[4/40]⎯[22m[39m

[41m[1m FAIL [22m[49m src/lib/astro/__tests__/crossVerify.test.js[2m > [22mCross-verification: Planetary positions[2m > [22mTest case — Chennai, 1985[2m > [22mascendant sign matches
[31m[1mAssertionError[22m: expected 9 to be 6 // Object.is equality[39m

[32m- Expected[39m
[31m+ Received[39m

[32m- 6[39m
[31m+ 9[39m

[36m [2m❯[22m src/lib/astro/__tests__/crossVerify.test.js:[2m37:32[22m[39m
    [90m 35|[39m
    [90m 36|[39m       [34mit[39m([32m'ascendant sign matches'[39m[33m,[39m () [33m=>[39m {
    [90m 37|[39m         [34mexpect[39m(ascendant[33m.[39msign)[33m.[39m[34mtoBe[39m(expected[33m.[39mascendant[33m.[39msign)[33m;[39m
    [90m   |[39m                                [31m^[39m
    [90m 38|[39m       })[33m;[39m
    [90m 39|[39m

[31m[2m⎯⎯⎯⎯⎯⎯⎯⎯⎯⎯⎯⎯⎯⎯⎯⎯⎯⎯⎯⎯⎯⎯⎯[5/40]⎯[22m[39m

[41m[1m FAIL [22m[49m src/lib/astro/__tests__/crossVerify.test.js[2m > [22mCross-verification: Planetary positions[2m > [22mTest case — Kolkata, 1960[2m > [22mascendant sign matches
[31m[1mAssertionError[22m: expected 10 to be 7 // Object.is equality[39m

[32m- Expected[39m
[31m+ Received[39m

[32m- 7[39m
[31m+ 10[39m

[36m [2m❯[22m src/lib/astro/__tests__/crossVerify.test.js:[2m37:32[22m[39m
    [90m 35|[39m
    [90m 36|[39m       [34mit[39m([32m'ascendant sign matches'[39m[33m,[39m () [33m=>[39m {
    [90m 37|[39m         [34mexpect[39m(ascendant[33m.[39msign)[33m.[39m[34mtoBe[39m(expected[33m.[39mascendant[33m.[39msign)[33m;[39m
    [90m   |[39m                                [31m^[39m
    [90m 38|[39m       })[33m;[39m
    [90m 39|[39m

[31m[2m⎯⎯⎯⎯⎯⎯⎯⎯⎯⎯⎯⎯⎯⎯⎯⎯⎯⎯⎯⎯⎯⎯⎯[6/40]⎯[22m[39m

[41m[1m FAIL [22m[49m src/lib/astro/__tests__/crossVerify.test.js[2m > [22mCross-verification: Retrograde flags[2m > [22mTest case — Mumbai, 1990 — Mercury retrograde=false
[41m[1m FAIL [22m[49m src/lib/astro/__tests__/crossVerify.test.js[2m > [22mCross-verification: Retrograde flags[2m > [22mTest case — Mumbai, 1990 — Jupiter retrograde=false
[41m[1m FAIL [22m[49m src/lib/astro/__tests__/crossVerify.test.js[2m > [22mCross-verification: Retrograde flags[2m > [22mTest case — Mumbai, 1990 — Venus retrograde=false
[41m[1m FAIL [22m[49m src/lib/astro/__tests__/crossVerify.test.js[2m > [22mCross-verification: Retrograde flags[2m > [22mTest case — Delhi, 1975 — Mercury retrograde=false
[41m[1m FAIL [22m[49m src/lib/astro/__tests__/crossVerify.test.js[2m > [22mCross-verification: Retrograde flags[2m > [22mTest case — Chennai, 1985 — Mercury retrograde=false
[41m[1m FAIL [22m[49m src/lib/astro/__tests__/crossVerify.test.js[2m > [22mCross-verification: Retrograde flags[2m > [22mTest case — Kolkata, 1960 — Mercury retrograde=false
[41m[1m FAIL [22m[49m src/lib/astro/__tests__/crossVerify.test.js[2m > [22mCross-verification: Retrograde flags[2m > [22mTest case — Pune, 2000 — Mercury retrograde=false
[31m[1mAssertionError[22m: expected true to be false // Object.is equality[39m

[32m- Expected[39m
[31m+ Received[39m

[32m- false[39m
[31m+ true[39m

[36m [2m❯[22m src/lib/astro/__tests__/crossVerify.test.js:[2m63:46[22m[39m
    [90m 61|[39m       [35mif[39m (exp[33m.[39mretrograde [33m===[39m undefined) [35mreturn[39m[33m;[39m
    [90m 62|[39m       it(`${chart.label} — ${planet} retrograde=${exp.retrograde}`, ()…
    [90m 63|[39m         [34mexpect[39m(positions[planet][33m.[39mretrograde)[33m.[39m[34mtoBe[39m(exp[33m.[39mretrograde)[33m;[39m
    [90m   |[39m                                              [31m^[39m
    [90m 64|[39m       })[33m;[39m
    [90m 65|[39m     })[33m;[39m

[31m[2m⎯⎯⎯⎯⎯⎯⎯⎯⎯⎯⎯⎯⎯⎯⎯⎯⎯⎯⎯⎯⎯⎯⎯[7/40]⎯[22m[39m

[41m[1m FAIL [22m[49m src/lib/astro/__tests__/crossVerify.test.js[2m > [22mCross-verification: Retrograde flags[2m > [22mTest case — Mumbai, 1990 — Rahu retrograde=true
[41m[1m FAIL [22m[49m src/lib/astro/__tests__/crossVerify.test.js[2m > [22mCross-verification: Retrograde flags[2m > [22mTest case — Mumbai, 1990 — Ketu retrograde=true
[41m[1m FAIL [22m[49m src/lib/astro/__tests__/crossVerify.test.js[2m > [22mCross-verification: Retrograde flags[2m > [22mTest case — Chennai, 1985 — Rahu retrograde=true
[41m[1m FAIL [22m[49m src/lib/astro/__tests__/crossVerify.test.js[2m > [22mCross-verification: Retrograde flags[2m > [22mTest case — Chennai, 1985 — Ketu retrograde=true
[41m[1m FAIL [22m[49m src/lib/astro/__tests__/crossVerify.test.js[2m > [22mCross-verification: Retrograde flags[2m > [22mTest case — Kolkata, 1960 — Rahu retrograde=true
[41m[1m FAIL [22m[49m src/lib/astro/__tests__/crossVerify.test.js[2m > [22mCross-verification: Retrograde flags[2m > [22mTest case — Kolkata, 1960 — Ketu retrograde=true
[41m[1m FAIL [22m[49m src/lib/astro/__tests__/crossVerify.test.js[2m > [22mCross-verification: Retrograde flags[2m > [22mTest case — Pune, 2000 — Rahu retrograde=true
[41m[1m FAIL [22m[49m src/lib/astro/__tests__/crossVerify.test.js[2m > [22mCross-verification: Retrograde flags[2m > [22mTest case — Pune, 2000 — Ketu retrograde=true
[31m[1mAssertionError[22m: expected false to be true // Object.is equality[39m

[32m- Expected[39m
[31m+ Received[39m

[32m- true[39m
[31m+ false[39m

[36m [2m❯[22m src/lib/astro/__tests__/crossVerify.test.js:[2m63:46[22m[39m
    [90m 61|[39m       [35mif[39m (exp[33m.[39mretrograde [33m===[39m undefined) [35mreturn[39m[33m;[39m
    [90m 62|[39m       it(`${chart.label} — ${planet} retrograde=${exp.retrograde}`, ()…
    [90m 63|[39m         [34mexpect[39m(positions[planet][33m.[39mretrograde)[33m.[39m[34mtoBe[39m(exp[33m.[39mretrograde)[33m;[39m
    [90m   |[39m                                              [31m^[39m
    [90m 64|[39m       })[33m;[39m
    [90m 65|[39m     })[33m;[39m

[31m[2m⎯⎯⎯⎯⎯⎯⎯⎯⎯⎯⎯⎯⎯⎯⎯⎯⎯⎯⎯⎯⎯⎯⎯[8/40]⎯[22m[39m

[41m[1m FAIL [22m[49m src/lib/astro/__tests__/crossVerify.test.js[2m > [22mCross-verification: Nakshatras[2m > [22mTest case — Delhi, 1975 — Moon nakshatra
[31m[1mAssertionError[22m: expected 'Purva Phalguni' to be 'Magha' // Object.is equality[39m

Expected: [32m"Magha"[39m
Received: [31m"Purva Phalguni"[39m

[36m [2m❯[22m src/lib/astro/__tests__/crossVerify.test.js:[2m82:24[22m[39m
    [90m 80|[39m       const positions = getPlanetaryPositions(birthUTC, input.latitude…
    [90m 81|[39m       [35mconst[39m nak [33m=[39m [34mgetNakshatra[39m(positions[33m.[39m[33mMoon[39m[33m.[39mlongitude)[33m;[39m
    [90m 82|[39m       [34mexpect[39m(nak[33m.[39mname)[33m.[39m[34mtoBe[39m(expected[33m.[39mnakshatra[33m.[39mmoon[33m.[39mname)[33m;[39m
    [90m   |[39m                        [31m^[39m
    [90m 83|[39m     })[33m;[39m
    [90m 84|[39m   })[33m;[39m

[31m[2m⎯⎯⎯⎯⎯⎯⎯⎯⎯⎯⎯⎯⎯⎯⎯⎯⎯⎯⎯⎯⎯⎯⎯[9/40]⎯[22m[39m

[41m[1m FAIL [22m[49m src/lib/astro/__tests__/crossVerify.test.js[2m > [22mCross-verification: Nakshatras[2m > [22mTest case — Chennai, 1985 — Moon nakshatra
[31m[1mAssertionError[22m: expected 'Purva Bhadrapada' to be 'Shatabhisha' // Object.is equality[39m

Expected: [32m"[7mShatabhish[27ma"[39m
Received: [31m"[7mPurva Bhadrapad[27ma"[39m

[36m [2m❯[22m src/lib/astro/__tests__/crossVerify.test.js:[2m82:24[22m[39m
    [90m 80|[39m       const positions = getPlanetaryPositions(birthUTC, input.latitude…
    [90m 81|[39m       [35mconst[39m nak [33m=[39m [34mgetNakshatra[39m(positions[33m.[39m[33mMoon[39m[33m.[39mlongitude)[33m;[39m
    [90m 82|[39m       [34mexpect[39m(nak[33m.[39mname)[33m.[39m[34mtoBe[39m(expected[33m.[39mnakshatra[33m.[39mmoon[33m.[39mname)[33m;[39m
    [90m   |[39m                        [31m^[39m
    [90m 83|[39m     })[33m;[39m
    [90m 84|[39m   })[33m;[39m

[31m[2m⎯⎯⎯⎯⎯⎯⎯⎯⎯⎯⎯⎯⎯⎯⎯⎯⎯⎯⎯⎯⎯⎯[10/40]⎯[22m[39m

[41m[1m FAIL [22m[49m src/lib/astro/__tests__/crossVerify.test.js[2m > [22mCross-verification: Nakshatras[2m > [22mTest case — Pune, 2000 — Moon nakshatra
[31m[1mAssertionError[22m: expected 'Ashlesha' to be 'Pushya' // Object.is equality[39m

Expected: [32m"[7mPushy[27ma"[39m
Received: [31m"[7mAshlesh[27ma"[39m

[36m [2m❯[22m src/lib/astro/__tests__/crossVerify.test.js:[2m82:24[22m[39m
    [90m 80|[39m       const positions = getPlanetaryPositions(birthUTC, input.latitude…
    [90m 81|[39m       [35mconst[39m nak [33m=[39m [34mgetNakshatra[39m(positions[33m.[39m[33mMoon[39m[33m.[39mlongitude)[33m;[39m
    [90m 82|[39m       [34mexpect[39m(nak[33m.[39mname)[33m.[39m[34mtoBe[39m(expected[33m.[39mnakshatra[33m.[39mmoon[33m.[39mname)[33m;[39m
    [90m   |[39m                        [31m^[39m
    [90m 83|[39m     })[33m;[39m
    [90m 84|[39m   })[33m;[39m

[31m[2m⎯⎯⎯⎯⎯⎯⎯⎯⎯⎯⎯⎯⎯⎯⎯⎯⎯⎯⎯⎯⎯⎯[11/40]⎯[22m[39m

[41m[1m FAIL [22m[49m src/lib/astro/__tests__/crossVerify.test.js[2m > [22mCross-verification: Vimshottari Dasha[2m > [22mMumbai 1990 — Ketu Maha Dasha at birth
[31m[1mAssertionError[22m: expected 'Mars' to be 'Ketu' // Object.is equality[39m

Expected: [32m"Ketu"[39m
Received: [31m"Mars"[39m

[36m [2m❯[22m src/lib/astro/__tests__/crossVerify.test.js:[2m97:30[22m[39m
    [90m 95|[39m     const positions = getPlanetaryPositions(birthUTC, chart.input.lati…
    [90m 96|[39m     [35mconst[39m dashas    [33m=[39m [34mgetMahaDasha[39m(positions[33m.[39m[33mMoon[39m[33m.[39mlongitude[33m,[39m birthUTC)[33m;[39m
    [90m 97|[39m     [34mexpect[39m(dashas[[34m0[39m][33m.[39mplanet)[33m.[39m[34mtoBe[39m([32m'Ketu'[39m)[33m;[39m
    [90m   |[39m                              [31m^[39m
    [90m 98|[39m   })[33m;[39m
    [90m 99|[39m

[31m[2m⎯⎯⎯⎯⎯⎯⎯⎯⎯⎯⎯⎯⎯⎯⎯⎯⎯⎯⎯⎯⎯⎯[12/40]⎯[22m[39m

[41m[1m FAIL [22m[49m src/lib/astro/__tests__/crossVerify.test.js[2m > [22mCross-verification: Vimshottari Dasha[2m > [22mDasha total is 120 years for all reference charts
[31m[1mAssertionError[22m: expected 121.86738865081628 to be close to 120, received difference is 1.867388650816281, but expected 0.5[39m
[36m [2m❯[22m src/lib/astro/__tests__/crossVerify.test.js:[2m109:24[22m[39m
    [90m107|[39m       [35mconst[39m totalYrs  [33m=[39m dashas[33m.[39m[34mreduce[39m((s[33m,[39m d) [33m=>[39m
    [90m108|[39m         s [33m+[39m (d[33m.[39mendDate [33m-[39m d[33m.[39mstartDate) [33m/[39m ([34m365.25[39m [33m*[39m [34m86400000[39m)[33m,[39m [34m0[39m)[33m;[39m
    [90m109|[39m       [34mexpect[39m(totalYrs)[33m.[39m[34mtoBeCloseTo[39m([34m120[39m[33m,[39m [34m0[39m)[33m;[39m
    [90m   |[39m                        [31m^[39m
    [90m110|[39m     })[33m;[39m
    [90m111|[39m   })[33m;[39m
[90m [2m❯[22m src/lib/astro/__tests__/crossVerify.test.js:[2m101:22[22m[39m

[31m[2m⎯⎯⎯⎯⎯⎯⎯⎯⎯⎯⎯⎯⎯⎯⎯⎯⎯⎯⎯⎯⎯⎯[13/40]⎯[22m[39m

[41m[1m FAIL [22m[49m src/lib/astro/__tests__/crossVerify.test.js[2m > [22mCross-verification: Vimshottari Dasha[2m > [22mPratyantar Dashas nest correctly within Antar Dashas
[31m[1mAssertionError[22m: expected 690084104087 to be close to 690084104087, received difference is 0, but expected 0[39m
[36m [2m❯[22m src/lib/astro/__tests__/crossVerify.test.js:[2m121:8[22m[39m
    [90m119|[39m     [35mconst[39m prats     [33m=[39m [34mgetPratyantarDasha[39m(antars[[34m0[39m])[33m;[39m
    [90m120|[39m     [34mexpect[39m(prats[[34m0[39m][33m.[39mstartDate[33m.[39m[34mgetTime[39m())
    [90m121|[39m       .toBeCloseTo(antars[0].startDate.getTime(), 10000); // within 10…
    [90m   |[39m        [31m^[39m
    [90m122|[39m     [34mexpect[39m(prats[[34m8[39m][33m.[39mendDate[33m.[39m[34mgetTime[39m())
    [90m123|[39m       [33m.[39m[34mtoBeCloseTo[39m(antars[[34m0[39m][33m.[39mendDate[33m.[39m[34mgetTime[39m()[33m,[39m [34m10000[39m)[33m;[39m

[31m[2m⎯⎯⎯⎯⎯⎯⎯⎯⎯⎯⎯⎯⎯⎯⎯⎯⎯⎯⎯⎯⎯⎯[14/40]⎯[22m[39m

[41m[1m FAIL [22m[49m src/lib/astro/__tests__/crossVerify.test.js[2m > [22mCross-verification: Compatibility[2m > [22msame person compatibility = 36/36
[31m[1mAssertionError[22m: expected 24.5 to be close to 36, received difference is 11.5, but expected 0.5[39m
[36m [2m❯[22m src/lib/astro/__tests__/crossVerify.test.js:[2m175:31[22m[39m
    [90m173|[39m     [35mconst[39m chart [33m=[39m [33mREFERENCE_CHARTS[39m[[34m0[39m][33m;[39m
    [90m174|[39m     [35mconst[39m result [33m=[39m [34mcalculateCompatibility[39m(chart[33m.[39minput[33m,[39m chart[33m.[39minput)[33m;[39m
    [90m175|[39m     [34mexpect[39m(result[33m.[39mtotalScore)[33m.[39m[34mtoBeCloseTo[39m([34m36[39m[33m,[39m [34m0[39m)[33m;[39m
    [90m   |[39m                               [31m^[39m
    [90m176|[39m   })[33m;[39m
    [90m177|[39m

[31m[2m⎯⎯⎯⎯⎯⎯⎯⎯⎯⎯⎯⎯⎯⎯⎯⎯⎯⎯⎯⎯⎯⎯[15/40]⎯[22m[39m


[2m Test Files [22m [1m[31m1 failed[39m[22m[90m (1)[39m
[2m      Tests [22m [1m[31m40 failed[39m[22m[2m | [22m[1m[32m79 passed[39m[22m[90m (119)[39m
[2m   Start at [22m 15:29:10
[2m   Duration [22m 2.70s[2m (transform 165ms, setup 81ms, import 1.27s, tests 217ms, environment 929ms)[22m

